
> smit-portfolio@0.1.0 build
> next build

  Γû▓ Next.js 14.2.35
  - Environments: .env.local

   Creating an optimized production build ...
 Γ£ô Compiled successfully
   Linting and checking validity of types ...
node.exe : 
At line:1 char:1
+ & "C:\Program 
Files\nodejs/node.exe" 
"C:\Program 
Files\nodejs/node_mo ...
+ ~~~~~~~~~~~~~~~~~~~~~~~~~
~~~~~~~~~~~~~~~~~~~~~~~~~~~
~~~~~~~~~~~~~~~~~
    + CategoryInfo         
     : NotSpecified: (:St  
  ring) [], RemoteExcept   
 ion
    + FullyQualifiedErrorI 
   d : NativeCommandError
 
Failed to compile.

./components/Hero.tsx
5:8  Error: 'dynamic' is 
defined but never used.  @t
ypescript-eslint/no-unused-
vars

./components/VantaBackgroun
d.tsx
9:10  Error: 'vantaEffect' 
is assigned a value but 
never used.  @typescript-es
lint/no-unused-vars
16:24  Error: Unexpected 
any. Specify a different 
type.  @typescript-eslint/n
o-explicit-any

info  - Need to disable 
some ESLint rules? Learn 
more here: https://nextjs.o
rg/docs/basic-features/esli
nt#disabling-rules
